name	first_night	last_night	total_cost
Moonlight Hotel	2022-01-03	2022-01-04	225.00
Moonlight Hotel	2022-01-04	2022-01-05	225.00
