name	first_night	last_night	total_cost
Moonlight Hotel	2022-01-03	2022-01-05	325.00
